// Jest Snapshot v1, https://goo.gl/fbAQLP

exports[`matches snapshot 1`] = `
<DocumentFragment>
  <div
    class="container"
    id="LoginForm"
  >
    <h1
      class="title"
    >
      Log In Below
    </h1>
    <p
      style="font-weight: bold;"
    >
      Don't have an account? Sign up 
      <a
        class="link"
        href="/signup"
      >
        here
      </a>
      !
    </p>
    <form>
      <div
        class="form-group col-8"
      >
        <label>
          Username
        </label>
        <input
          autocomplete="username"
          class="form-control"
          name="username"
          required=""
          value=""
        />
      </div>
      <div
        class="form-group col-8"
      >
        <label>
          Password
        </label>
        <input
          autocomplete="current-password"
          class="form-control"
          name="password"
          required=""
          type="password"
          value=""
        />
      </div>
      <button
        class="loginBtn"
      >
        Submit
      </button>
    </form>
  </div>
</DocumentFragment>
`;
